// Jest Snapshot v1, https://goo.gl/fbAQLP

exports[`Components/App renders app component 1`] = `
<div
  className="app-plugin-name"
>
  <h1>
    Hello from REACT.
  </h1>
  <div>
    This is what I get from the options table so far:
    <p>
      <code>
        {}
      </code>
    </p>
  </div>
  <div>
    This is what I get in my \`wpGlobals\` so far:
    <p>
      <code>
        {}
      </code>
    </p>
  </div>
  <div>
    Example static file
    <p />
  </div>
</div>
`;
