// Jest Snapshot v1, https://goo.gl/fbAQLP

exports[`Components/App renders app component 1`] = `
<div
  className="app-plugin-name"
>
  <h1>
    PLUGINNAME Settings
  </h1>
  <div>
    <span>
      This is what I get from the options table so far:
    </span>
    <p>
      <code>
        {}
      </code>
    </p>
  </div>
  <div>
    <span>
      This is what I get as wpGlobals so far:
    </span>
    <p>
      <code>
        {}
      </code>
    </p>
  </div>
  <div>
    <span>
      Example static file:
    </span>
    <p />
  </div>
</div>
`;
