// Jest Snapshot v1, https://goo.gl/fbAQLP

exports[`Components/App renders app component 1`] = `
<div
  className="app-plugin-name"
>
  <div
    className="app-plugin-name__container"
  >
    <WithStyles(PersistentDrawer)
      content={
        Array [
          Object {
            "component": [Function],
            "icon": [Function],
            "name": "Manage",
            "props": Object {},
          },
          Object {
            "component": [Function],
            "icon": [Function],
            "name": "Settings",
            "props": Object {},
          },
        ]
      }
    />
  </div>
</div>
`;
